{
    "openapi": "3.0.0",
    "info": {
        "title": "Nashorn Test API",
        "version": "1.0.1",
        "license": {
            "name": "Apache 2.0",
            "url": "http://www.apache.org/licenses/LICENSE-2.0.html"
        }
    },
    "components": {
        "schemas": {
            "MySchema": {
                "required": [
                    "name"
                ],
                "type": "object",
                "properties": {
                    "name": {
                        "type": "string"
                    },
                    "address": {
                        "$ref": "#/components/schemas/Address"
                    },
                    "age": {
                        "format": "int32",
                        "minimum": 0,
                        "type": "integer"
                    }
                }
            }
        }
    }
}